// Jest Snapshot v1, https://goo.gl/fbAQLP

exports[`AboutView test should match with a snapshot 1`] = `
<div class="about">
  <h1>This is an about page</h1>
</div>
`;
