// Jest Snapshot v1, https://goo.gl/fbAQLP

exports[`AboutView test should match with a snapshot 1`] = `
<div class="home"><img alt="Vue logo" src="">
  <h1>Hola Mundo</h1><button class="btn btn-primary">Primary</button><button class="btn btn-secondary">Secondary</button><button class="btn btn-success">Success</button>
</div>
`;
